10.128.0.2 - - [31/Dec/2019:00:39:27 +0900] "GET /www/login HTTP/1.1" 200 4970
10.4.2.1 - - [31/Dec/2019:00:39:28 +0900] "GET /www/js/app.js HTTP/1.1" 404 1552
10.4.2.1 - - [31/Dec/2019:00:39:28 +0900] "GET /www/css/app.css HTTP/1.1" 404 1552
10.128.0.4 - - [31/Dec/2019:00:39:31 +0900] "GET /login HTTP/1.1" 503 299
10.128.0.2 - - [31/Dec/2019:00:40:54 +0900] "GET /www/login HTTP/1.1" 200 4970
10.128.0.2 - - [31/Dec/2019:00:40:55 +0900] "GET /www/css/app.css HTTP/1.1" 404 1552
10.128.0.2 - - [31/Dec/2019:00:40:55 +0900] "GET /www/js/app.js HTTP/1.1" 404 1552
10.128.0.4 - - [31/Dec/2019:00:40:56 +0900] "GET /login HTTP/1.1" 503 299
10.128.0.2 - - [31/Dec/2019:00:41:19 +0900] "GET /www/login HTTP/1.1" 200 4970
10.4.2.1 - - [31/Dec/2019:00:41:19 +0900] "GET /www/js/app.js HTTP/1.1" 404 1552
10.128.0.2 - - [31/Dec/2019:00:41:19 +0900] "GET /www/css/app.css HTTP/1.1" 404 1552
10.128.0.4 - - [31/Dec/2019:00:41:21 +0900] "GET /login HTTP/1.1" 503 299
10.128.0.2 - - [31/Dec/2019:00:41:22 +0900] "GET /login HTTP/1.1" 503 299
10.4.2.74 - - [31/Dec/2019:00:41:48 +0900] "GET /www/api/get HTTP/1.1" 200 231
10.128.0.2 - - [31/Dec/2019:00:42:12 +0900] "GET /www/login HTTP/1.1" 200 4970
10.128.0.2 - - [31/Dec/2019:00:42:13 +0900] "GET /www/css/app.css HTTP/1.1" 404 1552
10.4.2.1 - - [31/Dec/2019:00:42:13 +0900] "GET /www/js/app.js HTTP/1.1" 404 1552
10.4.2.1 - - [31/Dec/2019:00:42:14 +0900] "GET /login HTTP/1.1" 502 389
10.128.0.4 - - [31/Dec/2019:00:42:44 +0900] "GET /login HTTP/1.1" 502 389
10.128.0.4 - - [31/Dec/2019:00:44:13 +0900] "GET /login HTTP/1.1" 200 232835
10.4.2.1 - - [31/Dec/2019:00:44:14 +0900] "GET /_nuxt/runtime.js HTTP/1.1" 200 34867
10.128.0.4 - - [31/Dec/2019:00:44:14 +0900] "GET /_nuxt/pages/login.js HTTP/1.1" 200 30791
10.128.0.2 - - [31/Dec/2019:00:44:14 +0900] "GET /_nuxt/app.js HTTP/1.1" 200 487522
10.128.0.4 - - [31/Dec/2019:00:44:14 +0900] "GET /_nuxt/vendors.app.js HTTP/1.1" 200 6278139
10.128.0.2 - - [31/Dec/2019:00:44:44 +0900] "GET /_nuxt/commons.app.js HTTP/1.1" 200 1810006
10.128.0.4 - - [31/Dec/2019:00:44:14 +0900] "GET /_nuxt/commons.app.js HTTP/1.1" 503 299
10.128.0.2 - - [31/Dec/2019:00:44:51 +0900] "GET /__webpack_hmr/client HTTP/1.1" 200 50289
10.128.0.2 - - [31/Dec/2019:00:45:55 +0900] "POST /www/api/login HTTP/1.1" 419 10636
10.128.0.2 - - [31/Dec/2019:00:46:05 +0900] "POST /www/api/login HTTP/1.1" 419 10636
10.4.2.74 - - [31/Dec/2019:00:46:12 +0900] "GET /www/api/get HTTP/1.1" 200 231
10.4.2.1 - - [31/Dec/2019:00:46:11 +0900] "GET / HTTP/1.1" 200 234277
10.4.2.1 - - [31/Dec/2019:00:46:13 +0900] "GET /_nuxt/pages/index.js HTTP/1.1" 200 -
10.4.2.1 - - [31/Dec/2019:00:46:14 +0900] "GET /_nuxt/runtime.js HTTP/1.1" 304 -
10.128.0.2 - - [31/Dec/2019:00:46:14 +0900] "GET /_nuxt/commons.app.js HTTP/1.1" 304 -
10.128.0.2 - - [31/Dec/2019:00:46:14 +0900] "GET /_nuxt/app.js HTTP/1.1" 304 -
10.128.0.4 - - [31/Dec/2019:00:46:22 +0900] "GET /_nuxt/pages/index.js HTTP/1.1" 200 111490
10.128.0.2 - - [31/Dec/2019:00:47:00 +0900] "GET /login HTTP/1.1" 502 389
10.128.0.2 - - [31/Dec/2019:00:45:50 +0900] "GET /__webpack_hmr/client HTTP/1.1" 200 50265
10.128.0.4 - - [31/Dec/2019:00:46:44 +0900] "GET /_nuxt/vendors.app.js HTTP/1.1" 502 419
10.128.0.4 - - [31/Dec/2019:00:47:03 +0900] "GET /login HTTP/1.1" 503 299
10.128.0.4 - - [31/Dec/2019:00:47:04 +0900] "GET /login HTTP/1.1" 503 299
10.128.0.2 - - [31/Dec/2019:00:47:10 +0900] "GET / HTTP/1.1" 503 299
10.128.0.4 - - [31/Dec/2019:00:47:12 +0900] "GET / HTTP/1.1" 503 299
10.4.2.1 - - [31/Dec/2019:00:46:14 +0900] "GET /_nuxt/vendors.app.js HTTP/1.1" 503 299
10.128.0.2 - - [31/Dec/2019:00:48:03 +0900] "GET / HTTP/1.1" 503 299
10.4.2.1 - - [31/Dec/2019:00:48:33 +0900] "GET / HTTP/1.1" 503 299
10.128.0.2 - - [31/Dec/2019:00:48:54 +0900] "GET / HTTP/1.1" 503 299
10.128.0.4 - - [31/Dec/2019:00:49:24 +0900] "GET / HTTP/1.1" 503 299
10.128.0.2 - - [31/Dec/2019:00:50:53 +0900] "GET / HTTP/1.1" 503 299
10.4.2.75 - - [31/Dec/2019:00:52:08 +0900] "GET /www/api/get HTTP/1.1" 200 231
10.128.0.2 - - [31/Dec/2019:00:51:23 +0900] "GET / HTTP/1.1" 503 299
10.128.0.4 - - [31/Dec/2019:00:51:50 +0900] "GET / HTTP/1.1" 503 299
10.4.2.1 - - [31/Dec/2019:00:52:20 +0900] "GET / HTTP/1.1" 503 299
10.128.0.2 - - [31/Dec/2019:00:52:26 +0900] "GET / HTTP/1.1" 503 299
10.4.2.1 - - [31/Dec/2019:00:52:56 +0900] "GET / HTTP/1.1" 503 299
10.128.0.4 - - [31/Dec/2019:00:54:14 +0900] "GET /www/login HTTP/1.1" 200 4970
10.128.0.2 - - [31/Dec/2019:00:54:15 +0900] "GET /www/js/app.js HTTP/1.1" 404 1552
10.128.0.4 - - [31/Dec/2019:00:54:15 +0900] "GET /www/css/app.css HTTP/1.1" 404 1552
10.128.0.2 - - [31/Dec/2019:00:53:38 +0900] "GET / HTTP/1.1" 503 299
10.128.0.4 - - [31/Dec/2019:00:53:56 +0900] "GET /login HTTP/1.1" 503 299
10.4.2.1 - - [31/Dec/2019:00:54:08 +0900] "GET / HTTP/1.1" 503 299
10.128.0.2 - - [31/Dec/2019:00:54:26 +0900] "GET /login HTTP/1.1" 503 299
10.4.2.76 - - [31/Dec/2019:00:56:25 +0900] "GET /www/api/get HTTP/1.1" 200 231
10.128.0.4 - - [31/Dec/2019:00:55:58 +0900] "GET /login HTTP/1.1" 503 299
10.128.0.4 - - [31/Dec/2019:00:56:28 +0900] "GET /login HTTP/1.1" 503 299
10.4.2.1 - - [31/Dec/2019:01:01:19 +0900] "GET /www/login HTTP/1.1" 200 4970
10.4.2.1 - - [31/Dec/2019:01:01:20 +0900] "GET /www/css/app.css HTTP/1.1" 404 1552
10.128.0.2 - - [31/Dec/2019:01:01:20 +0900] "GET /www/js/app.js HTTP/1.1" 404 1552
10.128.0.4 - - [31/Dec/2019:01:01:42 +0900] "GET /login HTTP/1.1" 200 232835
10.128.0.2 - - [31/Dec/2019:01:01:43 +0900] "GET /_nuxt/runtime.js HTTP/1.1" 200 34867
10.128.0.2 - - [31/Dec/2019:01:01:43 +0900] "GET /_nuxt/pages/login.js HTTP/1.1" 200 30791
10.128.0.2 - - [31/Dec/2019:01:01:43 +0900] "GET /_nuxt/app.js HTTP/1.1" 200 487522
10.128.0.2 - - [31/Dec/2019:01:01:42 +0900] "GET /_nuxt/commons.app.js HTTP/1.1" 200 1810006
10.4.2.1 - - [31/Dec/2019:01:01:43 +0900] "GET /_nuxt/vendors.app.js HTTP/1.1" 200 6278139
10.128.0.4 - - [31/Dec/2019:01:01:44 +0900] "GET /__webpack_hmr/client HTTP/1.1" 200 50289
10.4.2.76 - - [31/Dec/2019:01:02:48 +0900] "GET /www/api/get HTTP/1.1" 200 231
10.128.0.4 - - [31/Dec/2019:01:02:48 +0900] "GET / HTTP/1.1" 200 234277
10.128.0.2 - - [31/Dec/2019:01:02:49 +0900] "GET /_nuxt/pages/index.js HTTP/1.1" 200 111490
10.128.0.4 - - [31/Dec/2019:01:02:49 +0900] "GET /_nuxt/runtime.js HTTP/1.1" 304 -
10.128.0.4 - - [31/Dec/2019:01:02:50 +0900] "GET /_nuxt/vendors.app.js HTTP/1.1" 304 -
10.4.2.1 - - [31/Dec/2019:01:02:50 +0900] "GET /_nuxt/commons.app.js HTTP/1.1" 304 -
10.128.0.4 - - [31/Dec/2019:01:02:50 +0900] "GET /_nuxt/app.js HTTP/1.1" 304 -
10.4.2.1 - - [31/Dec/2019:01:02:51 +0900] "GET /_nuxt/vendors.pages/index.js HTTP/1.1" 200 51082
10.4.2.1 - - [31/Dec/2019:01:02:54 +0900] "POST /www/api/csrf-test HTTP/1.1" 200 40
10.128.0.4 - - [31/Dec/2019:01:03:00 +0900] "GET /login HTTP/1.1" 304 -
10.128.0.2 - - [31/Dec/2019:01:03:00 +0900] "GET /_nuxt/commons.app.js HTTP/1.1" 304 -
10.128.0.2 - - [31/Dec/2019:01:03:00 +0900] "GET /_nuxt/runtime.js HTTP/1.1" 304 -
10.4.2.1 - - [31/Dec/2019:01:03:00 +0900] "GET /_nuxt/vendors.app.js HTTP/1.1" 304 -
10.128.0.4 - - [31/Dec/2019:01:03:00 +0900] "GET /_nuxt/app.js HTTP/1.1" 304 -
10.128.0.4 - - [31/Dec/2019:01:03:00 +0900] "GET /_nuxt/pages/login.js HTTP/1.1" 304 -
10.128.0.4 - - [31/Dec/2019:01:02:44 +0900] "GET /__webpack_hmr/client HTTP/1.1" 200 108673
10.4.2.1 - - [31/Dec/2019:01:03:13 +0900] "POST /www/api/login HTTP/1.1" 200 156
10.128.0.4 - - [31/Dec/2019:01:03:14 +0900] "GET /www/api/user HTTP/1.1" 401 30
10.128.0.4 - - [31/Dec/2019:01:02:51 +0900] "GET /__webpack_hmr/client HTTP/1.1" 200 100493
10.4.2.1 - - [31/Dec/2019:01:03:01 +0900] "GET /__webpack_hmr/client HTTP/1.1" 200 50289
10.128.0.4 - - [31/Dec/2019:01:04:09 +0900] "POST /www/api/login HTTP/1.1" 302 418
10.128.0.4 - - [31/Dec/2019:01:04:13 +0900] "GET /www/home HTTP/1.1" 200 3422
10.4.2.1 - - [31/Dec/2019:01:04:01 +0900] "GET /__webpack_hmr/client HTTP/1.1" 200 50289
10.4.2.1 - - [31/Dec/2019:01:05:00 +0900] "POST /www/api/login HTTP/1.1" 302 418
10.4.2.1 - - [31/Dec/2019:01:05:03 +0900] "GET /www/home HTTP/1.1" 200 3422
10.4.2.1 - - [31/Dec/2019:01:05:01 +0900] "GET /__webpack_hmr/client HTTP/1.1" 200 50289
10.128.0.4 - - [31/Dec/2019:01:06:24 +0900] "POST /www/api/login HTTP/1.1" 302 418
10.128.0.2 - - [31/Dec/2019:01:06:28 +0900] "GET /www/home HTTP/1.1" 200 3422
10.128.0.4 - - [31/Dec/2019:01:06:01 +0900] "GET /__webpack_hmr/client HTTP/1.1" 200 50289
10.128.0.2 - - [31/Dec/2019:01:06:50 +0900] "POST /www/api/login HTTP/1.1" 302 418
10.4.2.1 - - [31/Dec/2019:01:06:54 +0900] "GET /www/home HTTP/1.1" 200 3422
10.128.0.4 - - [31/Dec/2019:01:07:18 +0900] "POST /www/api/login HTTP/1.1" 302 418
10.4.2.1 - - [31/Dec/2019:01:07:23 +0900] "GET /www/home HTTP/1.1" 200 3422
10.128.0.4 - - [31/Dec/2019:01:07:02 +0900] "GET /__webpack_hmr/client HTTP/1.1" 200 50289
10.128.0.2 - - [31/Dec/2019:01:08:02 +0900] "GET /__webpack_hmr/client HTTP/1.1" 200 50289
10.4.2.1 - - [31/Dec/2019:01:09:02 +0900] "GET /__webpack_hmr/client HTTP/1.1" 200 50289
10.128.0.4 - - [31/Dec/2019:01:09:57 +0900] "POST /www/api/login HTTP/1.1" 302 418
10.128.0.2 - - [31/Dec/2019:01:10:03 +0900] "GET /www/home HTTP/1.1" 200 3422
10.128.0.4 - - [31/Dec/2019:01:10:02 +0900] "GET /__webpack_hmr/client HTTP/1.1" 200 50289
10.4.2.1 - - [31/Dec/2019:01:10:43 +0900] "POST /www/api/login HTTP/1.1" 302 418
10.128.0.2 - - [31/Dec/2019:01:10:49 +0900] "GET /www/home HTTP/1.1" 200 3422
10.128.0.4 - - [31/Dec/2019:01:11:02 +0900] "GET /__webpack_hmr/client HTTP/1.1" 200 50289
10.128.0.2 - - [31/Dec/2019:01:12:05 +0900] "POST /www/api/login HTTP/1.1" 302 418
10.128.0.2 - - [31/Dec/2019:01:12:10 +0900] "GET /www/home HTTP/1.1" 200 3422
10.128.0.4 - - [31/Dec/2019:01:12:03 +0900] "GET /__webpack_hmr/client HTTP/1.1" 200 50289
10.4.2.76 - - [31/Dec/2019:01:12:48 +0900] "GET /www/api/get HTTP/1.1" 200 -
10.128.0.2 - - [31/Dec/2019:01:12:48 +0900] "GET / HTTP/1.1" 200 233791
10.4.2.1 - - [31/Dec/2019:01:12:53 +0900] "GET /_nuxt/runtime.js HTTP/1.1" 200 34867
10.4.2.1 - - [31/Dec/2019:01:12:53 +0900] "GET /_nuxt/pages/index.js HTTP/1.1" 200 111490
10.128.0.4 - - [31/Dec/2019:01:12:53 +0900] "GET /_nuxt/commons.app.js HTTP/1.1" 200 1810006
10.128.0.2 - - [31/Dec/2019:01:12:53 +0900] "GET /_nuxt/app.js HTTP/1.1" 200 487522
10.4.2.1 - - [31/Dec/2019:01:12:53 +0900] "GET /_nuxt/vendors.app.js HTTP/1.1" 200 6278139
10.128.0.4 - - [31/Dec/2019:01:12:56 +0900] "GET /_nuxt/vendors.pages/index.js HTTP/1.1" 200 51082
10.128.0.4 - - [31/Dec/2019:01:12:57 +0900] "POST /www/api/csrf-test HTTP/1.1" 419 10636
10.128.0.2 - - [31/Dec/2019:01:13:03 +0900] "GET /www/api/get HTTP/1.1" 200 231
10.4.2.1 - - [31/Dec/2019:01:13:08 +0900] "GET /login HTTP/1.1" 200 232835
10.4.2.1 - - [31/Dec/2019:01:13:08 +0900] "GET /_nuxt/pages/login.js HTTP/1.1" 200 30791
10.4.2.1 - - [31/Dec/2019:01:13:08 +0900] "GET /_nuxt/commons.app.js HTTP/1.1" 304 -
10.4.2.1 - - [31/Dec/2019:01:13:08 +0900] "GET /_nuxt/vendors.app.js HTTP/1.1" 304 -
10.4.2.1 - - [31/Dec/2019:01:13:08 +0900] "GET /_nuxt/runtime.js HTTP/1.1" 304 -
10.128.0.2 - - [31/Dec/2019:01:13:08 +0900] "GET /_nuxt/app.js HTTP/1.1" 304 -
10.128.0.2 - - [31/Dec/2019:01:12:56 +0900] "GET /__webpack_hmr/client HTTP/1.1" 200 100505
10.4.2.1 - - [31/Dec/2019:01:13:36 +0900] "POST /www/api/login HTTP/1.1" 200 156
10.128.0.2 - - [31/Dec/2019:01:13:36 +0900] "GET /www/api/user HTTP/1.1" 401 30
10.128.0.4 - - [31/Dec/2019:01:13:10 +0900] "GET /__webpack_hmr/client HTTP/1.1" 200 50289
10.4.2.76 - - [31/Dec/2019:01:13:58 +0900] "GET /www/api/get HTTP/1.1" 200 -
10.128.0.4 - - [31/Dec/2019:01:13:58 +0900] "GET / HTTP/1.1" 200 233791
10.128.0.4 - - [31/Dec/2019:01:14:03 +0900] "GET /_nuxt/runtime.js HTTP/1.1" 200 34867
10.128.0.2 - - [31/Dec/2019:01:14:03 +0900] "GET /_nuxt/pages/index.js HTTP/1.1" 200 111490
10.4.2.1 - - [31/Dec/2019:01:14:03 +0900] "GET /_nuxt/commons.app.js HTTP/1.1" 200 1810006
10.128.0.2 - - [31/Dec/2019:01:14:03 +0900] "GET /_nuxt/app.js HTTP/1.1" 200 487522
10.4.2.1 - - [31/Dec/2019:01:14:03 +0900] "GET /_nuxt/vendors.app.js HTTP/1.1" 200 6278139
10.4.2.1 - - [31/Dec/2019:01:14:05 +0900] "GET /_nuxt/vendors.pages/index.js HTTP/1.1" 200 51082
10.128.0.4 - - [31/Dec/2019:01:14:06 +0900] "GET /www/api/get HTTP/1.1" 200 231
10.4.2.1 - - [31/Dec/2019:01:14:07 +0900] "POST /www/api/csrf-test HTTP/1.1" 200 40
10.128.0.4 - - [31/Dec/2019:01:14:13 +0900] "GET /login HTTP/1.1" 200 232835
10.128.0.2 - - [31/Dec/2019:01:14:14 +0900] "GET /_nuxt/pages/login.js HTTP/1.1" 200 30791
10.128.0.4 - - [31/Dec/2019:01:14:14 +0900] "GET /_nuxt/runtime.js HTTP/1.1" 304 -
10.128.0.2 - - [31/Dec/2019:01:14:14 +0900] "GET /_nuxt/vendors.app.js HTTP/1.1" 304 -
10.128.0.4 - - [31/Dec/2019:01:14:14 +0900] "GET /_nuxt/commons.app.js HTTP/1.1" 304 -
10.128.0.4 - - [31/Dec/2019:01:14:14 +0900] "GET /_nuxt/app.js HTTP/1.1" 304 -
10.128.0.4 - - [31/Dec/2019:01:14:05 +0900] "GET /__webpack_hmr/client HTTP/1.1" 200 100505
10.4.2.1 - - [31/Dec/2019:01:14:15 +0900] "GET /__webpack_hmr/client HTTP/1.1" 200 50289
10.128.0.4 - - [31/Dec/2019:01:14:34 +0900] "POST /www/api/login HTTP/1.1" 200 156
10.128.0.2 - - [31/Dec/2019:01:15:12 +0900] "POST /www/api/login HTTP/1.1" 419 10636
10.128.0.2 - - [31/Dec/2019:01:15:33 +0900] "POST /www/api/login HTTP/1.1" 419 10636
10.4.2.76 - - [31/Dec/2019:01:15:44 +0900] "GET /www/api/get HTTP/1.1" 200 231
10.128.0.2 - - [31/Dec/2019:01:15:44 +0900] "GET / HTTP/1.1" 200 234277
10.128.0.4 - - [31/Dec/2019:01:15:48 +0900] "GET /_nuxt/vendors.app.js HTTP/1.1" 304 -
10.128.0.4 - - [31/Dec/2019:01:15:48 +0900] "GET /_nuxt/commons.app.js HTTP/1.1" 304 -
10.4.2.1 - - [31/Dec/2019:01:15:48 +0900] "GET /_nuxt/runtime.js HTTP/1.1" 304 -
10.4.2.1 - - [31/Dec/2019:01:15:48 +0900] "GET /_nuxt/app.js HTTP/1.1" 304 -
10.128.0.4 - - [31/Dec/2019:01:15:49 +0900] "GET /_nuxt/pages/index.js HTTP/1.1" 304 -
10.128.0.2 - - [31/Dec/2019:01:15:50 +0900] "GET /_nuxt/vendors.pages/index.js HTTP/1.1" 304 -
10.4.2.1 - - [31/Dec/2019:01:15:14 +0900] "GET /__webpack_hmr/client HTTP/1.1" 200 58469
10.128.0.2 - - [31/Dec/2019:01:15:55 +0900] "GET /www/api/get HTTP/1.1" 200 231
10.128.0.2 - - [31/Dec/2019:01:16:03 +0900] "GET /login HTTP/1.1" 304 -
10.128.0.2 - - [31/Dec/2019:01:16:04 +0900] "GET /_nuxt/runtime.js HTTP/1.1" 304 -
10.128.0.4 - - [31/Dec/2019:01:16:04 +0900] "GET /_nuxt/commons.app.js HTTP/1.1" 304 -
10.128.0.2 - - [31/Dec/2019:01:16:04 +0900] "GET /_nuxt/vendors.app.js HTTP/1.1" 304 -
10.128.0.4 - - [31/Dec/2019:01:16:04 +0900] "GET /_nuxt/pages/login.js HTTP/1.1" 304 -
10.128.0.2 - - [31/Dec/2019:01:16:04 +0900] "GET /_nuxt/app.js HTTP/1.1" 304 -
10.128.0.2 - - [31/Dec/2019:01:16:15 +0900] "POST /www/api/login HTTP/1.1" 200 156
10.4.2.1 - - [31/Dec/2019:01:15:50 +0900] "GET /__webpack_hmr/client HTTP/1.1" 200 100505
10.128.0.4 - - [31/Dec/2019:01:16:26 +0900] "GET /www/api/user HTTP/1.1" 401 30
10.4.2.1 - - [31/Dec/2019:01:16:05 +0900] "GET /__webpack_hmr/client HTTP/1.1" 200 50289
10.4.2.1 - - [31/Dec/2019:01:16:44 +0900] "POST /www/api/login HTTP/1.1" 302 418
10.128.0.2 - - [31/Dec/2019:01:16:48 +0900] "GET /www/home HTTP/1.1" 200 3420
10.4.2.1 - - [31/Dec/2019:01:17:04 +0900] "GET /__webpack_hmr/client HTTP/1.1" 200 50289
10.128.0.2 - - [31/Dec/2019:01:18:04 +0900] "GET /__webpack_hmr/client HTTP/1.1" 200 50289
10.128.0.4 - - [31/Dec/2019:01:19:33 +0900] "POST /www/api/login HTTP/1.1" 302 418
10.128.0.4 - - [31/Dec/2019:01:19:33 +0900] "GET /www/home HTTP/1.1" 200 3420
10.128.0.4 - - [31/Dec/2019:01:19:41 +0900] "POST /www/api/login HTTP/1.1" 302 418
10.128.0.2 - - [31/Dec/2019:01:19:05 +0900] "GET /__webpack_hmr/client HTTP/1.1" 200 50289
10.128.0.2 - - [31/Dec/2019:01:19:50 +0900] "GET /www/home HTTP/1.1" 200 3420
10.128.0.4 - - [31/Dec/2019:01:20:05 +0900] "GET /__webpack_hmr/client HTTP/1.1" 200 50289
10.128.0.4 - - [31/Dec/2019:01:19:58 +0900] "POST /www/api/login HTTP/1.1" 504 247
10.4.2.1 - - [31/Dec/2019:01:21:05 +0900] "GET /__webpack_hmr/client HTTP/1.1" 200 50289
10.128.0.2 - - [31/Dec/2019:01:22:05 +0900] "GET /__webpack_hmr/client HTTP/1.1" 200 50289
10.128.0.2 - - [31/Dec/2019:01:23:23 +0900] "POST /www/api/login HTTP/1.1" 302 418
10.128.0.4 - - [31/Dec/2019:01:23:23 +0900] "GET /www/home HTTP/1.1" 200 3420
10.128.0.2 - - [31/Dec/2019:01:23:35 +0900] "POST /www/api/login HTTP/1.1" 302 418
10.4.2.1 - - [31/Dec/2019:01:23:39 +0900] "GET /www/home HTTP/1.1" 200 3420
10.4.2.1 - - [31/Dec/2019:01:23:06 +0900] "GET /__webpack_hmr/client HTTP/1.1" 200 50289
10.128.0.2 - - [31/Dec/2019:01:24:06 +0900] "GET /__webpack_hmr/client HTTP/1.1" 200 50289
10.4.2.1 - - [31/Dec/2019:01:25:06 +0900] "GET /__webpack_hmr/client HTTP/1.1" 200 50289
10.128.0.2 - - [31/Dec/2019:01:26:07 +0900] "GET /__webpack_hmr/client HTTP/1.1" 200 50289
10.128.0.4 - - [31/Dec/2019:01:27:07 +0900] "GET /__webpack_hmr/client HTTP/1.1" 200 50289
10.128.0.2 - - [31/Dec/2019:01:28:07 +0900] "GET /__webpack_hmr/client HTTP/1.1" 200 50289
10.128.0.2 - - [31/Dec/2019:01:29:07 +0900] "GET /__webpack_hmr/client HTTP/1.1" 200 50289
10.128.0.2 - - [31/Dec/2019:01:30:03 +0900] "POST /www/api/login HTTP/1.1" 302 418
10.4.2.1 - - [31/Dec/2019:01:30:03 +0900] "GET /www/home HTTP/1.1" 200 3420
10.4.2.1 - - [31/Dec/2019:01:30:34 +0900] "POST /www/api/login HTTP/1.1" 302 418
10.128.0.2 - - [31/Dec/2019:01:30:38 +0900] "GET /www/home HTTP/1.1" 200 3420
10.4.2.76 - - [31/Dec/2019:01:30:47 +0900] "GET /www/api/get HTTP/1.1" 200 231
10.128.0.4 - - [31/Dec/2019:01:30:47 +0900] "GET / HTTP/1.1" 200 234277
10.128.0.2 - - [31/Dec/2019:01:30:52 +0900] "GET /_nuxt/commons.app.js HTTP/1.1" 304 -
10.128.0.4 - - [31/Dec/2019:01:30:53 +0900] "GET /_nuxt/runtime.js HTTP/1.1" 304 -
10.4.2.1 - - [31/Dec/2019:01:30:53 +0900] "GET /_nuxt/pages/index.js HTTP/1.1" 304 -
10.128.0.2 - - [31/Dec/2019:01:30:53 +0900] "GET /_nuxt/app.js HTTP/1.1" 304 -
10.128.0.2 - - [31/Dec/2019:01:30:53 +0900] "GET /_nuxt/vendors.app.js HTTP/1.1" 304 -
10.128.0.4 - - [31/Dec/2019:01:30:08 +0900] "GET /__webpack_hmr/client HTTP/1.1" 200 58469
10.128.0.2 - - [31/Dec/2019:01:30:55 +0900] "GET /_nuxt/vendors.pages/index.js HTTP/1.1" 304 -
10.128.0.2 - - [31/Dec/2019:01:31:03 +0900] "GET /www/api/get HTTP/1.1" 200 231
10.4.2.1 - - [31/Dec/2019:01:31:12 +0900] "GET /login HTTP/1.1" 200 232835
10.128.0.2 - - [31/Dec/2019:01:31:12 +0900] "GET /_nuxt/runtime.js HTTP/1.1" 200 34867
10.128.0.4 - - [31/Dec/2019:01:31:12 +0900] "GET /_nuxt/pages/login.js HTTP/1.1" 200 30791
10.128.0.4 - - [31/Dec/2019:01:31:12 +0900] "GET /_nuxt/app.js HTTP/1.1" 200 487522
10.128.0.2 - - [31/Dec/2019:01:31:12 +0900] "GET /_nuxt/commons.app.js HTTP/1.1" 200 1810006
10.128.0.2 - - [31/Dec/2019:01:31:12 +0900] "GET /_nuxt/vendors.app.js HTTP/1.1" 200 6278139
10.4.2.1 - - [31/Dec/2019:01:30:55 +0900] "GET /__webpack_hmr/client HTTP/1.1" 200 100517
10.128.0.2 - - [31/Dec/2019:01:31:15 +0900] "GET /__webpack_hmr/client HTTP/1.1" 200 50289
10.128.0.2 - - [31/Dec/2019:01:31:26 +0900] "POST /www/api/login HTTP/1.1" 200 156
10.4.2.76 - - [31/Dec/2019:01:32:11 +0900] "GET /www/api/get HTTP/1.1" 200 231
10.128.0.4 - - [31/Dec/2019:01:32:11 +0900] "GET / HTTP/1.1" 200 234277
10.128.0.4 - - [31/Dec/2019:01:32:16 +0900] "GET /_nuxt/pages/index.js HTTP/1.1" 200 111490
10.128.0.2 - - [31/Dec/2019:01:32:16 +0900] "GET /_nuxt/runtime.js HTTP/1.1" 304 -
10.128.0.4 - - [31/Dec/2019:01:32:16 +0900] "GET /_nuxt/commons.app.js HTTP/1.1" 304 -
10.128.0.2 - - [31/Dec/2019:01:32:16 +0900] "GET /_nuxt/vendors.app.js HTTP/1.1" 304 -
10.4.2.1 - - [31/Dec/2019:01:32:17 +0900] "GET /_nuxt/app.js HTTP/1.1" 304 -
10.128.0.2 - - [31/Dec/2019:01:32:18 +0900] "GET /_nuxt/vendors.pages/index.js HTTP/1.1" 200 51082
10.4.2.1 - - [31/Dec/2019:01:32:27 +0900] "GET /www/api/get HTTP/1.1" 200 231
10.128.0.4 - - [31/Dec/2019:01:32:34 +0900] "GET /login HTTP/1.1" 304 -
10.128.0.4 - - [31/Dec/2019:01:32:35 +0900] "GET /_nuxt/runtime.js HTTP/1.1" 304 -
10.128.0.4 - - [31/Dec/2019:01:32:35 +0900] "GET /_nuxt/vendors.app.js HTTP/1.1" 304 -
10.128.0.4 - - [31/Dec/2019:01:32:35 +0900] "GET /_nuxt/commons.app.js HTTP/1.1" 304 -
10.4.2.1 - - [31/Dec/2019:01:32:35 +0900] "GET /_nuxt/app.js HTTP/1.1" 304 -
10.128.0.4 - - [31/Dec/2019:01:32:35 +0900] "GET /_nuxt/pages/login.js HTTP/1.1" 304 -
10.128.0.4 - - [31/Dec/2019:01:32:14 +0900] "GET /__webpack_hmr/client HTTP/1.1" 200 108673
10.128.0.4 - - [31/Dec/2019:01:32:43 +0900] "POST /www/api/login HTTP/1.1" 200 156
10.128.0.4 - - [31/Dec/2019:01:32:19 +0900] "GET /__webpack_hmr/client HTTP/1.1" 200 100505
10.4.2.1 - - [31/Dec/2019:01:32:55 +0900] "GET /www/api/user HTTP/1.1" 401 30
10.4.2.1 - - [31/Dec/2019:01:33:07 +0900] "POST /www/api/login HTTP/1.1" 302 418
10.128.0.4 - - [31/Dec/2019:01:33:11 +0900] "GET /www/home HTTP/1.1" 200 3422
10.128.0.4 - - [31/Dec/2019:01:32:37 +0900] "GET /__webpack_hmr/client HTTP/1.1" 200 50289
10.128.0.4 - - [31/Dec/2019:01:33:35 +0900] "GET /__webpack_hmr/client HTTP/1.1" 200 50289
10.4.2.1 - - [31/Dec/2019:01:34:36 +0900] "GET /__webpack_hmr/client HTTP/1.1" 200 50289
10.128.0.4 - - [31/Dec/2019:01:35:37 +0900] "GET /__webpack_hmr/client HTTP/1.1" 200 50289
10.128.0.2 - - [31/Dec/2019:01:36:38 +0900] "GET /__webpack_hmr/client HTTP/1.1" 200 50289
10.128.0.2 - - [31/Dec/2019:01:37:39 +0900] "GET /__webpack_hmr/client HTTP/1.1" 200 50289
10.128.0.2 - - [31/Dec/2019:01:38:40 +0900] "GET /__webpack_hmr/client HTTP/1.1" 200 50289
10.128.0.2 - - [31/Dec/2019:01:39:41 +0900] "GET /__webpack_hmr/client HTTP/1.1" 200 50289
10.128.0.4 - - [31/Dec/2019:01:40:46 +0900] "GET /__webpack_hmr/client HTTP/1.1" 200 50289
10.4.2.1 - - [31/Dec/2019:01:41:30 +0900] "POST /www/api/login HTTP/1.1" 302 418
10.4.2.1 - - [31/Dec/2019:01:41:38 +0900] "GET /www/home HTTP/1.1" 200 3422
10.128.0.4 - - [31/Dec/2019:01:41:46 +0900] "GET /__webpack_hmr/client HTTP/1.1" 200 50289
10.128.0.2 - - [31/Dec/2019:01:42:35 +0900] "POST /www/api/login HTTP/1.1" 302 418
10.4.2.1 - - [31/Dec/2019:01:42:44 +0900] "GET /www/home HTTP/1.1" 200 3422
10.4.2.1 - - [31/Dec/2019:01:42:46 +0900] "GET /__webpack_hmr/client HTTP/1.1" 200 50289
10.128.0.2 - - [31/Dec/2019:01:43:17 +0900] "POST /www/api/login HTTP/1.1" 504 247
10.4.2.1 - - [31/Dec/2019:01:43:46 +0900] "GET /__webpack_hmr/client HTTP/1.1" 200 50289
10.4.2.76 - - [31/Dec/2019:01:44:32 +0900] "GET /www/api/get HTTP/1.1" 200 -
10.4.2.1 - - [31/Dec/2019:01:44:32 +0900] "GET / HTTP/1.1" 200 233791
10.4.2.1 - - [31/Dec/2019:01:44:39 +0900] "GET /_nuxt/runtime.js HTTP/1.1" 304 -
10.4.2.1 - - [31/Dec/2019:01:44:39 +0900] "GET /_nuxt/app.js HTTP/1.1" 304 -
10.4.2.1 - - [31/Dec/2019:01:44:39 +0900] "GET /_nuxt/vendors.app.js HTTP/1.1" 304 -
10.4.2.1 - - [31/Dec/2019:01:44:39 +0900] "GET /_nuxt/commons.app.js HTTP/1.1" 304 -
10.128.0.4 - - [31/Dec/2019:01:44:39 +0900] "GET /_nuxt/pages/index.js HTTP/1.1" 304 -
10.128.0.2 - - [31/Dec/2019:01:44:41 +0900] "GET /_nuxt/vendors.pages/index.js HTTP/1.1" 304 -
10.4.2.76 - - [31/Dec/2019:01:44:50 +0900] "GET /www/api/get HTTP/1.1" 200 231
10.4.2.1 - - [31/Dec/2019:01:44:50 +0900] "GET / HTTP/1.1" 200 234277
10.4.2.1 - - [31/Dec/2019:01:44:51 +0900] "GET /_nuxt/runtime.js HTTP/1.1" 200 34867
10.128.0.4 - - [31/Dec/2019:01:44:51 +0900] "GET /_nuxt/pages/index.js HTTP/1.1" 200 111490
10.4.2.1 - - [31/Dec/2019:01:44:51 +0900] "GET /_nuxt/app.js HTTP/1.1" 200 487522
10.128.0.2 - - [31/Dec/2019:01:44:51 +0900] "GET /_nuxt/commons.app.js HTTP/1.1" 200 1810006
10.4.2.1 - - [31/Dec/2019:01:44:51 +0900] "GET /_nuxt/vendors.app.js HTTP/1.1" 200 6278139
10.128.0.2 - - [31/Dec/2019:01:44:53 +0900] "GET /_nuxt/vendors.pages/index.js HTTP/1.1" 200 51082
10.4.2.1 - - [31/Dec/2019:01:44:56 +0900] "GET /www/api/get HTTP/1.1" 200 231
10.128.0.2 - - [31/Dec/2019:01:44:57 +0900] "POST /www/api/csrf-test HTTP/1.1" 200 40
10.4.2.1 - - [31/Dec/2019:01:45:04 +0900] "GET /login HTTP/1.1" 200 232835
10.4.2.1 - - [31/Dec/2019:01:45:05 +0900] "GET /_nuxt/pages/login.js HTTP/1.1" 200 30791
10.4.2.1 - - [31/Dec/2019:01:45:05 +0900] "GET /_nuxt/commons.app.js HTTP/1.1" 304 -
10.128.0.2 - - [31/Dec/2019:01:45:05 +0900] "GET /_nuxt/vendors.app.js HTTP/1.1" 304 -
10.4.2.1 - - [31/Dec/2019:01:45:05 +0900] "GET /_nuxt/runtime.js HTTP/1.1" 304 -
10.4.2.1 - - [31/Dec/2019:01:45:05 +0900] "GET /_nuxt/app.js HTTP/1.1" 304 -
10.4.2.1 - - [31/Dec/2019:01:44:41 +0900] "GET /__webpack_hmr/client HTTP/1.1" 200 150721
10.128.0.4 - - [31/Dec/2019:01:44:54 +0900] "GET /__webpack_hmr/client HTTP/1.1" 200 100505
10.128.0.2 - - [31/Dec/2019:01:45:07 +0900] "GET /__webpack_hmr/client HTTP/1.1" 200 50289
10.128.0.2 - - [31/Dec/2019:01:45:16 +0900] "POST /www/api/login HTTP/1.1" 504 247
10.4.2.76 - - [31/Dec/2019:01:46:34 +0900] "GET /www/api/get HTTP/1.1" 200 -
10.4.2.1 - - [31/Dec/2019:01:46:34 +0900] "GET / HTTP/1.1" 200 233791
10.4.2.1 - - [31/Dec/2019:01:46:40 +0900] "GET /_nuxt/commons.app.js HTTP/1.1" 304 -
10.4.2.1 - - [31/Dec/2019:01:46:40 +0900] "GET /_nuxt/vendors.app.js HTTP/1.1" 304 -
10.128.0.2 - - [31/Dec/2019:01:46:40 +0900] "GET /_nuxt/runtime.js HTTP/1.1" 304 -
10.128.0.2 - - [31/Dec/2019:01:46:40 +0900] "GET /_nuxt/app.js HTTP/1.1" 304 -
10.4.2.1 - - [31/Dec/2019:01:46:41 +0900] "GET /_nuxt/pages/index.js HTTP/1.1" 304 -
10.128.0.2 - - [31/Dec/2019:01:46:42 +0900] "GET /_nuxt/vendors.pages/index.js HTTP/1.1" 304 -
10.128.0.2 - - [31/Dec/2019:01:46:05 +0900] "GET /__webpack_hmr/client HTTP/1.1" 200 58469
10.128.0.2 - - [31/Dec/2019:01:46:44 +0900] "GET /www/api/get HTTP/1.1" 200 231
10.128.0.2 - - [31/Dec/2019:01:46:48 +0900] "GET /login HTTP/1.1" 304 -
10.128.0.2 - - [31/Dec/2019:01:46:49 +0900] "GET /_nuxt/runtime.js HTTP/1.1" 304 -
10.128.0.2 - - [31/Dec/2019:01:46:49 +0900] "GET /_nuxt/vendors.app.js HTTP/1.1" 304 -
10.4.2.1 - - [31/Dec/2019:01:46:49 +0900] "GET /_nuxt/commons.app.js HTTP/1.1" 304 -
10.128.0.4 - - [31/Dec/2019:01:46:49 +0900] "GET /_nuxt/pages/login.js HTTP/1.1" 304 -
10.128.0.4 - - [31/Dec/2019:01:46:49 +0900] "GET /_nuxt/app.js HTTP/1.1" 304 -
10.128.0.4 - - [31/Dec/2019:01:46:42 +0900] "GET /__webpack_hmr/client HTTP/1.1" 200 100493
10.128.0.2 - - [31/Dec/2019:01:47:01 +0900] "POST /www/api/login HTTP/1.1" 200 156
10.128.0.4 - - [31/Dec/2019:01:46:51 +0900] "GET /__webpack_hmr/client HTTP/1.1" 200 50289
10.4.2.76 - - [31/Dec/2019:01:47:52 +0900] "GET /www/api/get HTTP/1.1" 200 231
10.4.2.1 - - [31/Dec/2019:01:47:52 +0900] "GET / HTTP/1.1" 200 234277
10.4.2.1 - - [31/Dec/2019:01:47:52 +0900] "GET /_nuxt/commons.app.js HTTP/1.1" 304 -
10.128.0.2 - - [31/Dec/2019:01:47:52 +0900] "GET /_nuxt/runtime.js HTTP/1.1" 304 -
10.4.2.1 - - [31/Dec/2019:01:47:52 +0900] "GET /_nuxt/vendors.app.js HTTP/1.1" 304 -
10.128.0.4 - - [31/Dec/2019:01:47:52 +0900] "GET /_nuxt/app.js HTTP/1.1" 304 -
10.128.0.4 - - [31/Dec/2019:01:47:53 +0900] "GET /_nuxt/pages/index.js HTTP/1.1" 304 -
10.4.2.1 - - [31/Dec/2019:01:47:55 +0900] "GET /_nuxt/vendors.pages/index.js HTTP/1.1" 304 -
10.128.0.4 - - [31/Dec/2019:01:47:56 +0900] "GET /www/api/get HTTP/1.1" 200 231
10.4.2.1 - - [31/Dec/2019:01:48:01 +0900] "GET /login HTTP/1.1" 304 -
10.128.0.4 - - [31/Dec/2019:01:48:02 +0900] "GET /_nuxt/runtime.js HTTP/1.1" 304 -
10.128.0.2 - - [31/Dec/2019:01:48:02 +0900] "GET /_nuxt/pages/login.js HTTP/1.1" 304 -
10.128.0.2 - - [31/Dec/2019:01:48:02 +0900] "GET /_nuxt/app.js HTTP/1.1" 304 -
10.128.0.4 - - [31/Dec/2019:01:48:02 +0900] "GET /_nuxt/commons.app.js HTTP/1.1" 304 -
10.128.0.2 - - [31/Dec/2019:01:48:02 +0900] "GET /_nuxt/vendors.app.js HTTP/1.1" 304 -
10.128.0.4 - - [31/Dec/2019:01:47:49 +0900] "GET /__webpack_hmr/client HTTP/1.1" 200 150709
10.128.0.4 - - [31/Dec/2019:01:48:12 +0900] "POST /www/api/login HTTP/1.1" 200 156
10.128.0.4 - - [31/Dec/2019:01:48:12 +0900] "GET /www/api/user HTTP/1.1" 401 30
10.128.0.4 - - [31/Dec/2019:01:47:55 +0900] "GET /__webpack_hmr/client HTTP/1.1" 200 100505
10.4.2.1 - - [31/Dec/2019:01:48:19 +0900] "POST /www/api/login HTTP/1.1" 302 418
10.4.2.1 - - [31/Dec/2019:01:48:29 +0900] "GET /www/home HTTP/1.1" 200 3422
10.128.0.2 - - [31/Dec/2019:01:48:04 +0900] "GET /__webpack_hmr/client HTTP/1.1" 200 50289
10.4.2.1 - - [31/Dec/2019:01:49:02 +0900] "GET /__webpack_hmr/client HTTP/1.1" 200 50289
10.128.0.4 - - [31/Dec/2019:01:50:03 +0900] "GET /__webpack_hmr/client HTTP/1.1" 200 50289
10.128.0.4 - - [31/Dec/2019:01:50:43 +0900] "POST /www/api/login HTTP/1.1" 504 247
10.128.0.4 - - [31/Dec/2019:01:51:03 +0900] "GET /__webpack_hmr/client HTTP/1.1" 200 50289
10.128.0.4 - - [31/Dec/2019:01:52:16 +0900] "POST /www/api/login HTTP/1.1" 419 10636
10.4.2.76 - - [31/Dec/2019:01:52:38 +0900] "GET /www/api/get HTTP/1.1" 200 231
10.128.0.2 - - [31/Dec/2019:01:52:38 +0900] "GET / HTTP/1.1" 200 234277
10.128.0.4 - - [31/Dec/2019:01:52:39 +0900] "GET /_nuxt/commons.app.js HTTP/1.1" 304 -
10.4.2.1 - - [31/Dec/2019:01:52:39 +0900] "GET /_nuxt/runtime.js HTTP/1.1" 304 -
10.4.2.1 - - [31/Dec/2019:01:52:39 +0900] "GET /_nuxt/vendors.app.js HTTP/1.1" 304 -
10.128.0.4 - - [31/Dec/2019:01:52:39 +0900] "GET /_nuxt/app.js HTTP/1.1" 304 -
10.128.0.2 - - [31/Dec/2019:01:52:40 +0900] "GET /_nuxt/pages/index.js HTTP/1.1" 304 -
10.128.0.4 - - [31/Dec/2019:01:52:41 +0900] "GET /_nuxt/vendors.pages/index.js HTTP/1.1" 304 -
10.128.0.4 - - [31/Dec/2019:01:52:03 +0900] "GET /__webpack_hmr/client HTTP/1.1" 200 58469
10.4.2.1 - - [31/Dec/2019:01:52:43 +0900] "GET /www/api/get HTTP/1.1" 200 231
10.128.0.2 - - [31/Dec/2019:01:52:46 +0900] "GET /login HTTP/1.1" 304 -
10.4.2.1 - - [31/Dec/2019:01:52:47 +0900] "GET /_nuxt/runtime.js HTTP/1.1" 304 -
10.128.0.2 - - [31/Dec/2019:01:52:47 +0900] "GET /_nuxt/vendors.app.js HTTP/1.1" 304 -
10.128.0.4 - - [31/Dec/2019:01:52:47 +0900] "GET /_nuxt/commons.app.js HTTP/1.1" 304 -
10.128.0.2 - - [31/Dec/2019:01:52:47 +0900] "GET /_nuxt/app.js HTTP/1.1" 304 -
10.4.2.1 - - [31/Dec/2019:01:52:47 +0900] "GET /_nuxt/pages/login.js HTTP/1.1" 304 -
10.128.0.4 - - [31/Dec/2019:01:52:52 +0900] "POST /www/api/login HTTP/1.1" 422 108
10.128.0.4 - - [31/Dec/2019:01:53:03 +0900] "POST /www/api/login HTTP/1.1" 422 108
10.4.2.1 - - [31/Dec/2019:01:52:41 +0900] "GET /__webpack_hmr/client HTTP/1.1" 200 100493
10.128.0.4 - - [31/Dec/2019:01:52:49 +0900] "GET /__webpack_hmr/client HTTP/1.1" 200 50289
10.128.0.4 - - [31/Dec/2019:01:53:47 +0900] "GET /__webpack_hmr/client HTTP/1.1" 200 50289
10.4.2.1 - - [31/Dec/2019:01:54:34 +0900] "POST /www/api/login HTTP/1.1" 500 13534
10.128.0.2 - - [31/Dec/2019:01:54:58 +0900] "POST /www/api/login HTTP/1.1" 500 13534
10.128.0.2 - - [31/Dec/2019:01:54:48 +0900] "GET /__webpack_hmr/client HTTP/1.1" 200 50289
10.128.0.2 - - [31/Dec/2019:01:55:48 +0900] "GET /__webpack_hmr/client HTTP/1.1" 200 50289
10.128.0.4 - - [31/Dec/2019:01:55:46 +0900] "POST /www/api/login HTTP/1.1" 504 247
10.128.0.2 - - [31/Dec/2019:01:56:48 +0900] "GET /__webpack_hmr/client HTTP/1.1" 200 50289
10.128.0.4 - - [31/Dec/2019:01:57:48 +0900] "GET /__webpack_hmr/client HTTP/1.1" 200 50289
10.4.2.1 - - [31/Dec/2019:01:59:11 +0900] "POST /www/api/login HTTP/1.1" 422 108
10.128.0.4 - - [31/Dec/2019:01:58:49 +0900] "GET /__webpack_hmr/client HTTP/1.1" 200 50289
10.128.0.4 - - [31/Dec/2019:02:00:01 +0900] "POST /www/api/login HTTP/1.1" 422 108
10.4.2.1 - - [31/Dec/2019:02:00:29 +0900] "POST /www/api/login HTTP/1.1" 422 108
10.128.0.2 - - [31/Dec/2019:01:59:49 +0900] "GET /__webpack_hmr/client HTTP/1.1" 200 50289
10.128.0.4 - - [31/Dec/2019:02:00:45 +0900] "POST /www/api/login HTTP/1.1" 422 108
10.4.2.1 - - [31/Dec/2019:02:00:49 +0900] "GET /__webpack_hmr/client HTTP/1.1" 200 50289
10.128.0.2 - - [31/Dec/2019:02:01:03 +0900] "POST /www/api/login HTTP/1.1" 422 108
10.128.0.4 - - [31/Dec/2019:02:01:49 +0900] "GET /__webpack_hmr/client HTTP/1.1" 200 50289
10.4.2.1 - - [31/Dec/2019:02:01:56 +0900] "POST /www/api/login HTTP/1.1" 504 247
10.128.0.2 - - [31/Dec/2019:02:02:49 +0900] "GET /__webpack_hmr/client HTTP/1.1" 200 50289
10.4.2.1 - - [31/Dec/2019:02:03:08 +0900] "POST /www/api/login HTTP/1.1" 504 247
10.128.0.2 - - [31/Dec/2019:02:03:50 +0900] "GET /__webpack_hmr/client HTTP/1.1" 200 50289
10.4.2.1 - - [31/Dec/2019:02:04:50 +0900] "GET /__webpack_hmr/client HTTP/1.1" 200 50289
10.128.0.2 - - [31/Dec/2019:02:05:32 +0900] "POST /www/api/login HTTP/1.1" 504 247
10.128.0.2 - - [31/Dec/2019:02:05:50 +0900] "GET /__webpack_hmr/client HTTP/1.1" 200 50289
10.128.0.4 - - [31/Dec/2019:02:06:51 +0900] "GET /__webpack_hmr/client HTTP/1.1" 200 50289
10.4.2.1 - - [31/Dec/2019:02:07:51 +0900] "GET /__webpack_hmr/client HTTP/1.1" 200 50289
10.128.0.2 - - [31/Dec/2019:02:08:51 +0900] "GET /__webpack_hmr/client HTTP/1.1" 200 50289
10.128.0.2 - - [31/Dec/2019:02:09:01 +0900] "POST /www/api/login HTTP/1.1" 504 247
10.128.0.2 - - [31/Dec/2019:02:09:51 +0900] "GET /__webpack_hmr/client HTTP/1.1" 200 50289
10.128.0.2 - - [31/Dec/2019:02:10:52 +0900] "GET /__webpack_hmr/client HTTP/1.1" 200 50289
10.128.0.2 - - [31/Dec/2019:02:11:52 +0900] "GET /__webpack_hmr/client HTTP/1.1" 200 50289
10.4.2.1 - - [31/Dec/2019:02:12:52 +0900] "GET /__webpack_hmr/client HTTP/1.1" 200 50289
10.128.0.4 - - [31/Dec/2019:02:13:34 +0900] "POST /www/api/login HTTP/1.1" 504 247
10.4.2.1 - - [31/Dec/2019:02:13:52 +0900] "GET /__webpack_hmr/client HTTP/1.1" 200 50289
10.128.0.4 - - [31/Dec/2019:02:14:53 +0900] "GET /__webpack_hmr/client HTTP/1.1" 200 50289
10.128.0.4 - - [31/Dec/2019:02:15:53 +0900] "GET /__webpack_hmr/client HTTP/1.1" 200 50289
10.128.0.2 - - [31/Dec/2019:02:16:54 +0900] "GET /__webpack_hmr/client HTTP/1.1" 200 50289
10.128.0.2 - - [31/Dec/2019:02:17:55 +0900] "GET /__webpack_hmr/client HTTP/1.1" 200 50289
10.128.0.2 - - [31/Dec/2019:02:18:13 +0900] "POST /www/api/login HTTP/1.1" 504 247
10.4.2.1 - - [31/Dec/2019:02:18:57 +0900] "GET /__webpack_hmr/client HTTP/1.1" 200 50289
10.128.0.4 - - [31/Dec/2019:02:19:58 +0900] "GET /__webpack_hmr/client HTTP/1.1" 200 50289
10.4.2.76 - - [31/Dec/2019:02:21:28 +0900] "GET /www/api/get HTTP/1.1" 200 231
10.128.0.4 - - [31/Dec/2019:02:21:28 +0900] "GET / HTTP/1.1" 200 234277
10.128.0.2 - - [31/Dec/2019:02:21:34 +0900] "GET /_nuxt/runtime.js HTTP/1.1" 200 34867
10.128.0.2 - - [31/Dec/2019:02:21:35 +0900] "GET /_nuxt/pages/index.js HTTP/1.1" 200 111490
10.128.0.2 - - [31/Dec/2019:02:21:35 +0900] "GET /_nuxt/app.js HTTP/1.1" 200 487522
10.128.0.2 - - [31/Dec/2019:02:21:34 +0900] "GET /_nuxt/commons.app.js HTTP/1.1" 200 1810006
10.128.0.2 - - [31/Dec/2019:02:21:35 +0900] "GET /_nuxt/vendors.app.js HTTP/1.1" 200 6278139
10.4.2.1 - - [31/Dec/2019:02:21:38 +0900] "GET /_nuxt/vendors.pages/index.js HTTP/1.1" 200 51082
10.4.2.1 - - [31/Dec/2019:02:21:01 +0900] "GET /__webpack_hmr/client HTTP/1.1" 200 100505
10.4.2.1 - - [31/Dec/2019:02:21:44 +0900] "GET /www/api/get HTTP/1.1" 200 231
10.128.0.2 - - [31/Dec/2019:02:21:52 +0900] "GET /login HTTP/1.1" 200 232835
10.128.0.2 - - [31/Dec/2019:02:21:53 +0900] "GET /_nuxt/pages/login.js HTTP/1.1" 200 30791
10.4.2.1 - - [31/Dec/2019:02:21:53 +0900] "GET /_nuxt/runtime.js HTTP/1.1" 304 -
10.128.0.2 - - [31/Dec/2019:02:21:53 +0900] "GET /_nuxt/vendors.app.js HTTP/1.1" 304 -
10.4.2.1 - - [31/Dec/2019:02:21:53 +0900] "GET /_nuxt/commons.app.js HTTP/1.1" 304 -
10.4.2.1 - - [31/Dec/2019:02:21:53 +0900] "GET /_nuxt/app.js HTTP/1.1" 304 -
10.128.0.2 - - [31/Dec/2019:02:21:38 +0900] "GET /__webpack_hmr/client HTTP/1.1" 200 100517
10.128.0.4 - - [31/Dec/2019:02:21:58 +0900] "POST /www/api/login HTTP/1.1" 200 156
10.4.2.1 - - [31/Dec/2019:02:22:26 +0900] "GET /www/api/user HTTP/1.1" 401 30
10.128.0.4 - - [31/Dec/2019:02:21:55 +0900] "GET /__webpack_hmr/client HTTP/1.1" 200 50289
10.128.0.4 - - [31/Dec/2019:02:22:35 +0900] "POST /www/api/login HTTP/1.1" 200 156
10.4.2.1 - - [31/Dec/2019:02:22:50 +0900] "GET /www/api/user HTTP/1.1" 401 30
10.128.0.4 - - [31/Dec/2019:02:23:07 +0900] "POST /www/api/login HTTP/1.1" 200 156
10.128.0.2 - - [31/Dec/2019:02:23:26 +0900] "GET /www/api/user HTTP/1.1" 401 30
10.4.2.1 - - [31/Dec/2019:02:22:53 +0900] "GET /__webpack_hmr/client HTTP/1.1" 200 50289
10.128.0.4 - - [31/Dec/2019:02:23:34 +0900] "POST /www/api/login HTTP/1.1" 200 -
10.4.2.1 - - [31/Dec/2019:02:23:54 +0900] "GET /__webpack_hmr/client HTTP/1.1" 200 50289
10.128.0.2 - - [31/Dec/2019:02:24:50 +0900] "POST /www/api/login HTTP/1.1" 200 156
10.128.0.2 - - [31/Dec/2019:02:25:00 +0900] "GET /www/api/user HTTP/1.1" 401 30
10.128.0.4 - - [31/Dec/2019:02:25:22 +0900] "POST /www/api/login HTTP/1.1" 200 156
10.128.0.4 - - [31/Dec/2019:02:25:23 +0900] "GET /www/api/user HTTP/1.1" 401 30
10.4.2.1 - - [31/Dec/2019:02:24:54 +0900] "GET /__webpack_hmr/client HTTP/1.1" 200 50289
10.128.0.2 - - [31/Dec/2019:02:26:31 +0900] "POST /www/api/login HTTP/1.1" 200 156
10.4.2.1 - - [31/Dec/2019:02:26:31 +0900] "GET /www/api/user HTTP/1.1" 401 30
10.128.0.4 - - [31/Dec/2019:02:25:54 +0900] "GET /__webpack_hmr/client HTTP/1.1" 200 50289
10.128.0.2 - - [31/Dec/2019:02:26:41 +0900] "POST /www/api/login HTTP/1.1" 200 156
10.128.0.4 - - [31/Dec/2019:02:26:50 +0900] "GET /www/api/user HTTP/1.1" 401 30
10.4.2.1 - - [31/Dec/2019:02:27:21 +0900] "POST /www/api/login HTTP/1.1" 200 156
10.128.0.2 - - [31/Dec/2019:02:26:54 +0900] "GET /__webpack_hmr/client HTTP/1.1" 200 50289
10.128.0.4 - - [31/Dec/2019:02:27:26 +0900] "GET /www/api/user HTTP/1.1" 401 30
10.4.2.1 - - [31/Dec/2019:02:27:50 +0900] "POST /www/api/login HTTP/1.1" 200 156
10.128.0.4 - - [31/Dec/2019:02:27:56 +0900] "GET /www/api/user HTTP/1.1" 401 30
10.128.0.2 - - [31/Dec/2019:02:27:55 +0900] "GET /__webpack_hmr/client HTTP/1.1" 200 50289
10.128.0.4 - - [31/Dec/2019:02:28:55 +0900] "GET /__webpack_hmr/client HTTP/1.1" 200 50289
10.128.0.4 - - [31/Dec/2019:02:29:55 +0900] "GET /__webpack_hmr/client HTTP/1.1" 200 50289
10.128.0.4 - - [31/Dec/2019:02:30:55 +0900] "GET /__webpack_hmr/client HTTP/1.1" 200 50289
10.128.0.4 - - [31/Dec/2019:02:31:38 +0900] "POST /www/api/login HTTP/1.1" 200 156
10.128.0.2 - - [31/Dec/2019:02:31:44 +0900] "GET /www/api/user HTTP/1.1" 200 156
10.4.2.1 - - [31/Dec/2019:02:32:23 +0900] "POST /www/api/login HTTP/1.1" 200 -
10.4.2.1 - - [31/Dec/2019:02:32:29 +0900] "GET /www/api/user HTTP/1.1" 200 156
10.4.2.1 - - [31/Dec/2019:02:31:55 +0900] "GET /__webpack_hmr/client HTTP/1.1" 200 50289
10.128.0.4 - - [31/Dec/2019:02:32:56 +0900] "GET /__webpack_hmr/client HTTP/1.1" 200 50289
10.4.2.1 - - [31/Dec/2019:02:33:56 +0900] "GET /__webpack_hmr/client HTTP/1.1" 200 50289
10.4.2.1 - - [31/Dec/2019:02:34:56 +0900] "GET /__webpack_hmr/client HTTP/1.1" 200 50289
10.4.2.1 - - [31/Dec/2019:02:35:56 +0900] "GET /__webpack_hmr/client HTTP/1.1" 200 50289
10.128.0.4 - - [31/Dec/2019:02:36:57 +0900] "GET /__webpack_hmr/client HTTP/1.1" 200 50289
10.4.2.1 - - [31/Dec/2019:02:37:57 +0900] "GET /__webpack_hmr/client HTTP/1.1" 200 50306
10.4.2.1 - - [31/Dec/2019:02:39:11 +0900] "POST /www/api/login HTTP/1.1" 200 156
10.4.2.1 - - [31/Dec/2019:02:39:11 +0900] "GET /www/api/user HTTP/1.1" 200 156
10.128.0.2 - - [31/Dec/2019:02:39:27 +0900] "GET /_nuxt/16980293658bfbca6e1e.hot-update.json HTTP/1.1" 200 35
10.128.0.4 - - [31/Dec/2019:02:39:27 +0900] "GET /_nuxt/0f18b3de58a86725224b.hot-update.json HTTP/1.1" 200 53
10.4.2.1 - - [31/Dec/2019:02:39:28 +0900] "GET /_nuxt/pages/login.0f18b3de58a86725224b.hot-update.js HTTP/1.1" 200 23625
10.4.2.1 - - [31/Dec/2019:02:38:57 +0900] "GET /__webpack_hmr/client HTTP/1.1" 200 50289
10.128.0.2 - - [31/Dec/2019:02:39:14 +0900] "GET /login HTTP/1.1" 502 389
10.4.2.1 - - [31/Dec/2019:02:39:57 +0900] "GET /__webpack_hmr/client HTTP/1.1" 200 50289
10.4.2.1 - - [31/Dec/2019:02:39:44 +0900] "GET /login HTTP/1.1" 502 389
10.4.2.76 - - [31/Dec/2019:02:41:35 +0900] "GET /www/api/get HTTP/1.1" 200 231
10.128.0.2 - - [31/Dec/2019:02:41:35 +0900] "GET / HTTP/1.1" 200 234277
10.4.2.1 - - [31/Dec/2019:02:41:36 +0900] "GET /_nuxt/runtime.js HTTP/1.1" 200 34867
10.128.0.2 - - [31/Dec/2019:02:41:36 +0900] "GET /_nuxt/pages/index.js HTTP/1.1" 200 111490
10.128.0.2 - - [31/Dec/2019:02:41:36 +0900] "GET /_nuxt/app.js HTTP/1.1" 200 487522
10.4.2.1 - - [31/Dec/2019:02:41:36 +0900] "GET /_nuxt/commons.app.js HTTP/1.1" 200 1810006
10.128.0.4 - - [31/Dec/2019:02:41:36 +0900] "GET /_nuxt/vendors.app.js HTTP/1.1" 200 6278139
10.128.0.4 - - [31/Dec/2019:02:41:39 +0900] "GET /_nuxt/vendors.pages/index.js HTTP/1.1" 200 51082
10.4.2.1 - - [31/Dec/2019:02:41:41 +0900] "GET /www/api/get HTTP/1.1" 200 231
10.4.2.1 - - [31/Dec/2019:02:41:46 +0900] "GET /login HTTP/1.1" 200 233046
10.128.0.4 - - [31/Dec/2019:02:41:50 +0900] "GET /_nuxt/pages/login.0f18b3de58a86725224b.hot-update.js HTTP/1.1" 200 23625
10.4.2.1 - - [31/Dec/2019:02:41:50 +0900] "GET /_nuxt/vendors.app.js HTTP/1.1" 304 -
10.128.0.2 - - [31/Dec/2019:02:41:50 +0900] "GET /_nuxt/commons.app.js HTTP/1.1" 304 -
10.4.2.1 - - [31/Dec/2019:02:41:50 +0900] "GET /_nuxt/pages/login.js HTTP/1.1" 200 33160
10.128.0.2 - - [31/Dec/2019:02:41:50 +0900] "GET /_nuxt/runtime.js HTTP/1.1" 304 -
10.128.0.4 - - [31/Dec/2019:02:41:50 +0900] "GET /_nuxt/app.js HTTP/1.1" 304 -
10.4.2.1 - - [31/Dec/2019:02:41:57 +0900] "POST /www/api/login HTTP/1.1" 422 93
10.4.2.1 - - [31/Dec/2019:02:41:08 +0900] "GET /login HTTP/1.1" 502 389
10.128.0.4 - - [31/Dec/2019:02:41:39 +0900] "GET /__webpack_hmr/client HTTP/1.1" 200 100505
10.4.2.1 - - [31/Dec/2019:02:41:38 +0900] "GET /login HTTP/1.1" 502 389
10.4.2.1 - - [31/Dec/2019:02:42:41 +0900] "POST /www/api/login HTTP/1.1" 200 156
10.128.0.2 - - [31/Dec/2019:02:42:42 +0900] "GET /www/api/user HTTP/1.1" 200 156
10.128.0.4 - - [31/Dec/2019:02:41:57 +0900] "GET /__webpack_hmr/client HTTP/1.1" 200 50277
10.4.2.1 - - [31/Dec/2019:02:43:59 +0900] "POST /www/api/login HTTP/1.1" 200 156
10.128.0.4 - - [31/Dec/2019:02:43:59 +0900] "GET /www/api/user HTTP/1.1" 200 156
10.4.2.1 - - [31/Dec/2019:02:44:08 +0900] "POST /www/api/login HTTP/1.1" 200 156
10.4.2.1 - - [31/Dec/2019:02:44:12 +0900] "GET /www/api/user HTTP/1.1" 200 156
10.4.2.1 - - [31/Dec/2019:02:44:17 +0900] "POST /www/api/login HTTP/1.1" 200 156
10.128.0.4 - - [31/Dec/2019:02:44:18 +0900] "GET /www/api/user HTTP/1.1" 200 156
10.128.0.4 - - [31/Dec/2019:02:42:56 +0900] "GET /__webpack_hmr/client HTTP/1.1" 200 50253
10.4.2.1 - - [31/Dec/2019:02:43:56 +0900] "GET /__webpack_hmr/client HTTP/1.1" 502 419
10.128.0.4 - - [31/Dec/2019:02:44:21 +0900] "GET /login HTTP/1.1" 503 299
10.128.0.4 - - [31/Dec/2019:02:44:24 +0900] "GET / HTTP/1.1" 503 299
10.128.0.2 - - [31/Dec/2019:02:44:35 +0900] "GET / HTTP/1.1" 503 299
10.128.0.4 - - [31/Dec/2019:02:45:29 +0900] "GET / HTTP/1.1" 503 299
10.4.2.78 - - [31/Dec/2019:02:47:00 +0900] "GET /www/api/get HTTP/1.1" 200 231
10.128.0.2 - - [31/Dec/2019:02:47:00 +0900] "GET / HTTP/1.1" 200 234277
10.4.2.1 - - [31/Dec/2019:02:46:03 +0900] "GET / HTTP/1.1" 503 299
10.128.0.4 - - [31/Dec/2019:02:47:29 +0900] "GET /_nuxt/pages/index.js HTTP/1.1" 200 111490
10.128.0.2 - - [31/Dec/2019:02:46:30 +0900] "GET / HTTP/1.1" 503 299
10.128.0.4 - - [31/Dec/2019:02:47:32 +0900] "GET /_nuxt/vendors.app.js HTTP/1.1" 200 6278139
10.128.0.2 - - [31/Dec/2019:02:46:33 +0900] "GET / HTTP/1.1" 503 299
10.128.0.4 - - [31/Dec/2019:02:47:59 +0900] "GET /_nuxt/app.js HTTP/1.1" 200 487522
10.4.2.1 - - [31/Dec/2019:02:47:01 +0900] "GET /_nuxt/commons.app.js HTTP/1.1" 503 299
10.4.2.1 - - [31/Dec/2019:02:47:01 +0900] "GET /_nuxt/runtime.js HTTP/1.1" 503 299
10.4.2.1 - - [31/Dec/2019:02:47:02 +0900] "GET /_nuxt/vendors.app.js HTTP/1.1" 503 299
10.128.0.2 - - [31/Dec/2019:02:47:29 +0900] "GET /_nuxt/app.js HTTP/1.1" 503 299
10.128.0.2 - - [31/Dec/2019:02:47:31 +0900] "GET /_nuxt/commons.app.js HTTP/1.1" 503 299
10.128.0.2 - - [31/Dec/2019:02:47:31 +0900] "GET /_nuxt/runtime.js HTTP/1.1" 503 299
10.4.2.1 - - [31/Dec/2019:02:49:08 +0900] "GET /www/login HTTP/1.1" 200 4970
10.4.2.1 - - [31/Dec/2019:02:49:09 +0900] "GET /www/js/app.js HTTP/1.1" 404 1552
10.4.2.1 - - [31/Dec/2019:02:49:09 +0900] "GET /www/css/app.css HTTP/1.1" 404 1552
10.128.0.2 - - [31/Dec/2019:02:48:33 +0900] "GET /login HTTP/1.1" 503 299
10.4.2.1 - - [31/Dec/2019:02:49:03 +0900] "GET /login HTTP/1.1" 503 299
10.128.0.2 - - [31/Dec/2019:02:49:03 +0900] "GET / HTTP/1.1" 503 299
10.4.2.1 - - [31/Dec/2019:03:15:48 +0900] "GET /www/login HTTP/1.1" 200 4970
10.128.0.4 - - [31/Dec/2019:03:15:49 +0900] "GET /www/css/app.css HTTP/1.1" 404 1552
10.128.0.2 - - [31/Dec/2019:03:15:49 +0900] "GET /www/js/app.js HTTP/1.1" 404 1552
10.4.2.78 - - [31/Dec/2019:03:15:54 +0900] "GET /www/api/get HTTP/1.1" 200 231
10.128.0.2 - - [31/Dec/2019:03:15:54 +0900] "GET / HTTP/1.1" 200 234277
10.128.0.4 - - [31/Dec/2019:03:15:55 +0900] "GET /_nuxt/runtime.js HTTP/1.1" 200 34867
10.4.2.1 - - [31/Dec/2019:03:15:55 +0900] "GET /_nuxt/commons.app.js HTTP/1.1" 200 1810006
10.4.2.1 - - [31/Dec/2019:03:15:55 +0900] "GET /_nuxt/app.js HTTP/1.1" 200 487522
10.4.2.1 - - [31/Dec/2019:03:15:55 +0900] "GET /_nuxt/pages/index.js HTTP/1.1" 200 111490
10.128.0.2 - - [31/Dec/2019:03:15:55 +0900] "GET /_nuxt/vendors.app.js HTTP/1.1" 200 6278139
10.128.0.2 - - [31/Dec/2019:03:16:00 +0900] "GET /_nuxt/vendors.pages/index.js HTTP/1.1" 200 51082
10.128.0.2 - - [31/Dec/2019:03:16:02 +0900] "GET /www/api/get HTTP/1.1" 200 231
10.128.0.2 - - [31/Dec/2019:03:16:08 +0900] "GET /login HTTP/1.1" 200 232882
10.128.0.4 - - [31/Dec/2019:03:16:09 +0900] "GET /_nuxt/pages/login.js HTTP/1.1" 200 33478
10.128.0.4 - - [31/Dec/2019:03:16:09 +0900] "GET /_nuxt/commons.app.js HTTP/1.1" 304 -
10.128.0.2 - - [31/Dec/2019:03:16:09 +0900] "GET /_nuxt/runtime.js HTTP/1.1" 304 -
10.128.0.2 - - [31/Dec/2019:03:16:09 +0900] "GET /_nuxt/app.js HTTP/1.1" 304 -
10.4.2.1 - - [31/Dec/2019:03:16:09 +0900] "GET /_nuxt/vendors.app.js HTTP/1.1" 304 -
10.4.2.1 - - [31/Dec/2019:03:16:21 +0900] "POST /www/api/login HTTP/1.1" 200 156
10.128.0.4 - - [31/Dec/2019:03:16:21 +0900] "GET /www/api/user HTTP/1.1" 200 156
10.128.0.4 - - [31/Dec/2019:03:16:00 +0900] "GET /__webpack_hmr/client HTTP/1.1" 200 100507
10.128.0.2 - - [31/Dec/2019:03:16:12 +0900] "GET /__webpack_hmr/client HTTP/1.1" 200 50290
10.4.2.1 - - [31/Dec/2019:03:17:10 +0900] "GET /__webpack_hmr/client HTTP/1.1" 200 50290
10.128.0.4 - - [31/Dec/2019:03:18:11 +0900] "GET /__webpack_hmr/client HTTP/1.1" 200 50290
10.128.0.4 - - [31/Dec/2019:03:19:12 +0900] "GET /__webpack_hmr/client HTTP/1.1" 200 50290
10.4.2.1 - - [31/Dec/2019:03:20:13 +0900] "GET /__webpack_hmr/client HTTP/1.1" 200 50290
10.128.0.4 - - [31/Dec/2019:03:21:45 +0900] "GET /www/login HTTP/1.1" 302 418
10.4.2.1 - - [31/Dec/2019:03:21:45 +0900] "GET /www/home HTTP/1.1" 200 3422
10.128.0.4 - - [31/Dec/2019:03:21:46 +0900] "GET /www/js/app.js HTTP/1.1" 404 1552
10.4.2.1 - - [31/Dec/2019:03:21:46 +0900] "GET /www/css/app.css HTTP/1.1" 404 1552
10.128.0.4 - - [31/Dec/2019:03:21:53 +0900] "POST /www/logout HTTP/1.1" 302 398
10.4.2.1 - - [31/Dec/2019:03:21:14 +0900] "GET /__webpack_hmr/client HTTP/1.1" 200 100548
10.4.2.1 - - [31/Dec/2019:03:21:58 +0900] "GET /www/ HTTP/1.1" 200 3122
10.4.2.1 - - [31/Dec/2019:03:21:58 +0900] "GET /www/public/vue/js/app.js?v=20191215011200 HTTP/1.1" 200 1454050
10.128.0.2 - - [31/Dec/2019:03:22:04 +0900] "GET /www/login HTTP/1.1" 200 4970
10.128.0.2 - - [31/Dec/2019:03:22:05 +0900] "GET /www/js/app.js HTTP/1.1" 404 1552
10.128.0.2 - - [31/Dec/2019:03:22:05 +0900] "GET /www/css/app.css HTTP/1.1" 404 1552
10.128.0.4 - - [31/Dec/2019:03:21:37 +0900] "GET /login HTTP/1.1" 502 389
10.128.0.2 - - [31/Dec/2019:03:21:54 +0900] "GET /www HTTP/1.1" 502 385
10.128.0.2 - - [31/Dec/2019:03:22:14 +0900] "GET /__webpack_hmr/client HTTP/1.1" 200 50289
10.4.2.1 - - [31/Dec/2019:03:22:07 +0900] "GET /login HTTP/1.1" 502 389
10.128.0.4 - - [31/Dec/2019:03:24:05 +0900] "GET /www/login HTTP/1.1" 200 4970
10.128.0.2 - - [31/Dec/2019:03:24:05 +0900] "GET /www/js/app.js HTTP/1.1" 404 1552
10.128.0.2 - - [31/Dec/2019:03:24:05 +0900] "GET /www/css/app.css HTTP/1.1" 404 1552
10.4.2.1 - - [31/Dec/2019:03:24:02 +0900] "GET /login HTTP/1.1" 502 389
10.128.0.2 - - [31/Dec/2019:03:24:32 +0900] "GET /login HTTP/1.1" 502 389
10.4.2.78 - - [31/Dec/2019:03:25:35 +0900] "GET /www/api/get HTTP/1.1" 200 231
10.128.0.4 - - [31/Dec/2019:03:25:46 +0900] "GET /www/login HTTP/1.1" 200 4970
10.128.0.4 - - [31/Dec/2019:03:25:46 +0900] "GET /www/js/app.js HTTP/1.1" 404 1552
10.128.0.2 - - [31/Dec/2019:03:25:46 +0900] "GET /www/css/app.css HTTP/1.1" 404 1552
10.4.2.1 - - [31/Dec/2019:03:26:06 +0900] "GET /login HTTP/1.1" 502 389
10.128.0.2 - - [31/Dec/2019:03:27:05 +0900] "GET / HTTP/1.1" 503 299
10.128.0.4 - - [31/Dec/2019:03:27:59 +0900] "GET / HTTP/1.1" 503 299
10.4.2.1 - - [31/Dec/2019:03:28:04 +0900] "GET /www/login HTTP/1.1" 200 4970
10.128.0.4 - - [31/Dec/2019:03:28:05 +0900] "GET /www/js/app.js HTTP/1.1" 404 1552
10.4.2.1 - - [31/Dec/2019:03:28:04 +0900] "GET /www/css/app.css HTTP/1.1" 404 1552
10.128.0.2 - - [31/Dec/2019:03:28:07 +0900] "GET / HTTP/1.1" 503 299
10.128.0.2 - - [31/Dec/2019:08:35:50 +0900] "GET /www/login HTTP/1.1" 200 4970
10.128.0.2 - - [31/Dec/2019:08:35:51 +0900] "GET /www/css/app.css HTTP/1.1" 404 1552
10.128.0.4 - - [31/Dec/2019:08:35:51 +0900] "GET /www/js/app.js HTTP/1.1" 404 1552
10.128.0.2 - - [31/Dec/2019:08:35:54 +0900] "GET / HTTP/1.1" 503 299
10.128.0.2 - - [31/Dec/2019:08:37:09 +0900] "GET / HTTP/1.1" 503 299
10.128.0.2 - - [31/Dec/2019:08:37:32 +0900] "GET / HTTP/1.1" 503 299
10.128.0.2 - - [31/Dec/2019:08:37:33 +0900] "GET / HTTP/1.1" 503 299
10.128.0.2 - - [31/Dec/2019:08:37:37 +0900] "GET /www/login HTTP/1.1" 200 4970
10.128.0.2 - - [31/Dec/2019:08:37:37 +0900] "GET /www/js/app.js HTTP/1.1" 404 1552
10.4.2.1 - - [31/Dec/2019:08:37:37 +0900] "GET /www/css/app.css HTTP/1.1" 404 1552
10.128.0.4 - - [31/Dec/2019:08:39:06 +0900] "GET /www/login HTTP/1.1" 200 4970
10.128.0.2 - - [31/Dec/2019:08:39:06 +0900] "GET /www/css/app.css HTTP/1.1" 404 1552
10.128.0.2 - - [31/Dec/2019:08:39:06 +0900] "GET /www/js/app.js HTTP/1.1" 404 1552
10.4.2.82 - - [31/Dec/2019:08:39:08 +0900] "GET /www/api/get HTTP/1.1" 200 231
10.128.0.4 - - [31/Dec/2019:08:39:08 +0900] "GET / HTTP/1.1" 200 234277
10.128.0.2 - - [31/Dec/2019:08:39:09 +0900] "GET /_nuxt/runtime.js HTTP/1.1" 200 34867
10.128.0.4 - - [31/Dec/2019:08:39:09 +0900] "GET /_nuxt/commons.app.js HTTP/1.1" 200 1810006
10.128.0.2 - - [31/Dec/2019:08:39:09 +0900] "GET /_nuxt/app.js HTTP/1.1" 200 487522
